methods:
  - name: AService.Get
    operations:
      - GET /a/{a_id}
  - name: AService.Undocumented
    operations:
      - GET /undocumented/{undocumented_id}
  - name: AService.OutdatedLinks
    operations:
      - POST /a/{a_id}
  - name: AService.AcceptableLinks
    operations:
      - POST /a/{a_id}
      - GET /a/{a_id}
  - name: AService.Uncommented
    operations:
      - GET /a/{a_id}
openapi_commit: b8dafbe912a3be421d21346faa2b29bf15e6f84d
openapi_operations:
  - name: GET /a/{a_id}
    documentation_url: https://docs.github.com/rest/a/a#get-a
  - name: POST /a/{a_id}
    documentation_url: https://docs.github.com/rest/a/a#update-a
  - name: GET /undocumented/{undocumented_id}

